// Jest Snapshot v1, https://goo.gl/fbAQLP

exports[`Headers should render correctly 1`] = `
<table>
  <thead>
    <tr>
      <td>
        Property
      </td>
      <td>
        Value
      </td>
    </tr>
  </thead>
  <tr>
    <td>
      <input
        className="sc-bdVaJa gZdsYr property"
        data-column="property"
        data-row={0}
        defaultValue=""
        onChange={[Function]}
        type="text"
      />
    </td>
    <td>
      <input
        className="sc-bdVaJa gZdsYr value"
        data-column="value"
        data-row={0}
        defaultValue=""
        onChange={[Function]}
        type="text"
      />
    </td>
  </tr>
</table>
`;
