// Jest Snapshot v1, https://goo.gl/fbAQLP

exports[`Shortcut should render shortcut correctly 1`] = `
<button
  className="ehBjC0vJRnyKcRbpCEt0  shortcut-button"
>
  CTRL
</button>
`;
